// Jest Snapshot v1, https://goo.gl/fbAQLP

exports[`WalkForm renders properly 1`] = `
<form>
  <h1>
    Add a walk
  </h1>
  <label
    htmlFor="location-of-walk"
  >
    Location
  </label>
  <input
    id="location-of-walk"
    name="location"
    pattern="^[^<>]+$"
    placeholder="Where did you walk?"
    required={true}
    type="text"
  />
  <br />
  <label
    htmlFor="difficulty"
  >
    Difficulty
  </label>
  <select
    id="difficulty"
    name="difficulty"
  >
    <option
      value="Stroll"
    >
      Stroll
    </option>
    <option
      value="Easy"
    >
      Easy
    </option>
    <option
      value="Medium"
    >
      Medium
    </option>
    <option
      value="Brisk"
    >
      Brisk
    </option>
    <option
      value="Exhausting"
    >
      Exhausting
    </option>
  </select>
  <br />
  <button
    type="submit"
  >
    Submit
  </button>
</form>
`;
